
Running 7 tests using 1 worker

[1A[2K[1/7] [chromium] › tests/e2e/contact-form.spec.ts:14:3 › Contact Form E2E Tests › should display contact form with all required fields
[1A[2K  1) [chromium] › tests/e2e/contact-form.spec.ts:14:3 › Contact Form E2E Tests › should display contact form with all required fields 

    Test was interrupted.

    Error: page.goto: net::ERR_ABORTED; maybe frame was detached?
    Call log:
    [2m  - navigating to "http://localhost:3001/app", waiting until "load"[22m


       7 |       (window as any).__NEXT_PUBLIC_TEST_MODE = 'true';
       8 |     });
    >  9 |     await page.goto('/app');
         |                ^
      10 |     await page.waitForSelector('#contact');
      11 |     await page.locator('#contact').scrollIntoViewIfNeeded();
      12 |   });
        at /home/tbaltzakis/gen2-comparison-fresh/tests/e2e/contact-form.spec.ts:9:16


[1A[2K  1 interrupted
    [chromium] › tests/e2e/contact-form.spec.ts:14:3 › Contact Form E2E Tests › should display contact form with all required fields 
  6 did not run

To open last HTML report run:
[36m[39m
[36m  npx playwright show-report[39m
[36m[39m
